// Vitest Snapshot v1

exports[`Top things chart using colored bars should match snapshot 1`] = `
<div>
  <div
    class="p-2 m-2"
  >
    <h3>
      Top Fruits
    </h3>
    <div
      class="my-3 vstack"
      data-testid="topbarsmember"
    >
      <div
        class="justify-content-between hstack"
      >
        <span>
          banana
        </span>
        <span>
          21
          %
        </span>
      </div>
      <div
        class="progress"
      >
        <div
          aria-valuemax="100"
          aria-valuemin="0"
          aria-valuenow="21.428571428571427"
          class="progress-bar bg-success"
          role="progressbar"
          style="width: 21.429%;"
        >
          <span
            class="visually-hidden"
          >
            21.428571428571427%
          </span>
        </div>
      </div>
    </div>
    <div
      class="my-3 vstack"
      data-testid="topbarsmember"
    >
      <div
        class="justify-content-between hstack"
      >
        <span>
          apple
        </span>
        <span>
          43
          %
        </span>
      </div>
      <div
        class="progress"
      >
        <div
          aria-valuemax="100"
          aria-valuemin="0"
          aria-valuenow="42.857142857142854"
          class="progress-bar bg-success"
          role="progressbar"
          style="width: 42.857%;"
        >
          <span
            class="visually-hidden"
          >
            42.857142857142854%
          </span>
        </div>
      </div>
    </div>
    <div
      class="my-3 vstack"
      data-testid="topbarsmember"
    >
      <div
        class="justify-content-between hstack"
      >
        <span>
          kiwi
        </span>
        <span>
          29
          %
        </span>
      </div>
      <div
        class="progress"
      >
        <div
          aria-valuemax="100"
          aria-valuemin="0"
          aria-valuenow="28.571428571428573"
          class="progress-bar bg-success"
          role="progressbar"
          style="width: 28.571%;"
        >
          <span
            class="visually-hidden"
          >
            28.571428571428573%
          </span>
        </div>
      </div>
    </div>
  </div>
</div>
`;
